
*** Running vivado
    with args -log axi_uart_uart_rx_0_0.vds -m64 -product Vivado -mode batch -messageDb vivado.pb -notrace -source axi_uart_uart_rx_0_0.tcl


ECHO가 설정되어 있지 않습니다.
ECHO가 설정되어 있지 않습니다.

****** Vivado v2023.2 (64-bit)
  **** SW Build 4029153 on Fri Oct 13 20:14:34 MDT 2023
  **** IP Build 4028589 on Sat Oct 14 00:45:43 MDT 2023
  **** SharedData Build 4025554 on Tue Oct 10 17:18:54 MDT 2023
    ** Copyright 1986-2022 Xilinx, Inc. All Rights Reserved.
    ** Copyright 2022-2023 Advanced Micro Devices, Inc. All Rights Reserved.

source axi_uart_uart_rx_0_0.tcl -notrace
INFO: [IP_Flow 19-234] Refreshing IP repositories
INFO: [IP_Flow 19-1704] No user IP repositories specified
INFO: [IP_Flow 19-2313] Loaded Vivado IP repository 'C:/Xilinx/Vivado/2023.2/data/ip'.
INFO: [IP_Flow 19-6924] IPCACHE: Running cache check for IP inst: axi_uart_uart_rx_0_0
Command: synth_design -top axi_uart_uart_rx_0_0 -part xc7z007sclg400-1 -incremental_mode off -mode out_of_context
Starting synth_design
Attempting to get a license for feature 'Synthesis' and/or device 'xc7z007s'
INFO: [Common 17-349] Got license for feature 'Synthesis' and/or device 'xc7z007s'
INFO: [Device 21-403] Loading part xc7z007sclg400-1
INFO: [Synth 8-7079] Multithreading enabled for synth_design using a maximum of 2 processes.
INFO: [Synth 8-7078] Launching helper process for spawning children vivado processes
INFO: [Synth 8-7075] Helper process launched with PID 9764
---------------------------------------------------------------------------------
Starting RTL Elaboration : Time (s): cpu = 00:00:01 ; elapsed = 00:00:03 . Memory (MB): peak = 1308.891 ; gain = 438.504
---------------------------------------------------------------------------------
INFO: [Synth 8-6157] synthesizing module 'axi_uart_uart_rx_0_0' [c:/verilog_lab/zynq_axi_uart_rxtx_final/zynq_axi_uart_rxtx_final.gen/sources_1/bd/axi_uart/ip/axi_uart_uart_rx_0_0/synth/axi_uart_uart_rx_0_0.v:53]
INFO: [Synth 8-6157] synthesizing module 'uart_rx' [C:/verilog_lab/zynq_axi_uart_rxtx_final/zynq_axi_uart_rxtx_final.srcs/sources_1/new/uart_rx.v:22]
	Parameter CLK_FREQ bound to: 100000000 - type: integer 
	Parameter overrate bound to: 54 - type: integer 
INFO: [Synth 8-155] case statement is not full and has no default [C:/verilog_lab/zynq_axi_uart_rxtx_final/zynq_axi_uart_rxtx_final.srcs/sources_1/new/uart_rx.v:78]
INFO: [Synth 8-6155] done synthesizing module 'uart_rx' (0#1) [C:/verilog_lab/zynq_axi_uart_rxtx_final/zynq_axi_uart_rxtx_final.srcs/sources_1/new/uart_rx.v:22]
INFO: [Synth 8-6155] done synthesizing module 'axi_uart_uart_rx_0_0' (0#1) [c:/verilog_lab/zynq_axi_uart_rxtx_final/zynq_axi_uart_rxtx_final.gen/sources_1/bd/axi_uart/ip/axi_uart_uart_rx_0_0/synth/axi_uart_uart_rx_0_0.v:53]
INFO: [Synth 8-6071] Mark debug on the nets applies keep_hierarchy on instance 'inst'. This will prevent further optimization [c:/verilog_lab/zynq_axi_uart_rxtx_final/zynq_axi_uart_rxtx_final.gen/sources_1/bd/axi_uart/ip/axi_uart_uart_rx_0_0/synth/axi_uart_uart_rx_0_0.v:79]
---------------------------------------------------------------------------------
Finished RTL Elaboration : Time (s): cpu = 00:00:02 ; elapsed = 00:00:04 . Memory (MB): peak = 1420.828 ; gain = 550.441
---------------------------------------------------------------------------------
---------------------------------------------------------------------------------
Start Handling Custom Attributes
---------------------------------------------------------------------------------
---------------------------------------------------------------------------------
Finished Handling Custom Attributes : Time (s): cpu = 00:00:02 ; elapsed = 00:00:04 . Memory (MB): peak = 1420.828 ; gain = 550.441
---------------------------------------------------------------------------------
---------------------------------------------------------------------------------
Finished RTL Optimization Phase 1 : Time (s): cpu = 00:00:02 ; elapsed = 00:00:04 . Memory (MB): peak = 1420.828 ; gain = 550.441
---------------------------------------------------------------------------------
Netlist sorting complete. Time (s): cpu = 00:00:00 ; elapsed = 00:00:00.001 . Memory (MB): peak = 1420.828 ; gain = 0.000
INFO: [Project 1-570] Preparing netlist for logic optimization

Processing XDC Constraints
Initializing timing engine
Completed Processing XDC Constraints

Netlist sorting complete. Time (s): cpu = 00:00:00 ; elapsed = 00:00:00 . Memory (MB): peak = 1522.043 ; gain = 0.000
INFO: [Project 1-111] Unisim Transformation Summary:
No Unisim elements were transformed.

지정된 경로를 찾을 수 없습니다.
Constraint Validation Runtime : Time (s): cpu = 00:00:00 ; elapsed = 00:00:00.014 . Memory (MB): peak = 1522.328 ; gain = 0.285
INFO: [Designutils 20-5008] Incremental synthesis strategy off
---------------------------------------------------------------------------------
Finished Constraint Validation : Time (s): cpu = 00:00:04 ; elapsed = 00:00:08 . Memory (MB): peak = 1522.328 ; gain = 651.941
---------------------------------------------------------------------------------
---------------------------------------------------------------------------------
Start Loading Part and Timing Information
---------------------------------------------------------------------------------
Loading part: xc7z007sclg400-1
---------------------------------------------------------------------------------
Finished Loading Part and Timing Information : Time (s): cpu = 00:00:04 ; elapsed = 00:00:08 . Memory (MB): peak = 1522.328 ; gain = 651.941
---------------------------------------------------------------------------------
---------------------------------------------------------------------------------
Start Applying 'set_property' XDC Constraints
---------------------------------------------------------------------------------
---------------------------------------------------------------------------------
Finished applying 'set_property' XDC Constraints : Time (s): cpu = 00:00:04 ; elapsed = 00:00:08 . Memory (MB): peak = 1522.328 ; gain = 651.941
---------------------------------------------------------------------------------
INFO: [Synth 8-802] inferred FSM for state register 'curr_state_reg' in module 'uart_rx'
---------------------------------------------------------------------------------------------------
                   State |                     New Encoding |                Previous Encoding 
---------------------------------------------------------------------------------------------------
                 standby |                               00 |                               00
                   start |                               01 |                               01
                    stop |                               10 |                               11
                   shift |                               11 |                               10
---------------------------------------------------------------------------------------------------
INFO: [Synth 8-3354] encoded FSM with state register 'curr_state_reg' using encoding 'sequential' in module 'uart_rx'
---------------------------------------------------------------------------------
Finished RTL Optimization Phase 2 : Time (s): cpu = 00:00:04 ; elapsed = 00:00:09 . Memory (MB): peak = 1522.328 ; gain = 651.941
---------------------------------------------------------------------------------
---------------------------------------------------------------------------------
Start RTL Component Statistics 
---------------------------------------------------------------------------------
Detailed RTL Component Info : 
+---Adders : 
	   2 Input   10 Bit       Adders := 1     
	   2 Input    4 Bit       Adders := 3     
+---Registers : 
	               10 Bit    Registers := 1     
	                8 Bit    Registers := 2     
	                4 Bit    Registers := 3     
	                1 Bit    Registers := 3     
+---Muxes : 
	   2 Input    8 Bit        Muxes := 2     
	   4 Input    8 Bit        Muxes := 2     
	   4 Input    4 Bit        Muxes := 1     
	   4 Input    2 Bit        Muxes := 1     
	   2 Input    2 Bit        Muxes := 5     
	   2 Input    1 Bit        Muxes := 7     
	   3 Input    1 Bit        Muxes := 3     
	   4 Input    1 Bit        Muxes := 4     
---------------------------------------------------------------------------------
Finished RTL Component Statistics 
---------------------------------------------------------------------------------
---------------------------------------------------------------------------------
Start Part Resource Summary
---------------------------------------------------------------------------------
Part Resources:
DSPs: 66 (col length:40)
BRAMs: 100 (col length: RAMB18 40 RAMB36 20)
---------------------------------------------------------------------------------
Finished Part Resource Summary
---------------------------------------------------------------------------------
---------------------------------------------------------------------------------
Start Cross Boundary and Area Optimization
---------------------------------------------------------------------------------
WARNING: [Synth 8-7080] Parallel synthesis criteria is not met
---------------------------------------------------------------------------------
Finished Cross Boundary and Area Optimization : Time (s): cpu = 00:00:05 ; elapsed = 00:00:10 . Memory (MB): peak = 1522.328 ; gain = 651.941
---------------------------------------------------------------------------------
---------------------------------------------------------------------------------
Start Applying XDC Timing Constraints
---------------------------------------------------------------------------------
---------------------------------------------------------------------------------
Finished Applying XDC Timing Constraints : Time (s): cpu = 00:00:06 ; elapsed = 00:00:13 . Memory (MB): peak = 1522.328 ; gain = 651.941
---------------------------------------------------------------------------------
---------------------------------------------------------------------------------
Start Timing Optimization
---------------------------------------------------------------------------------
---------------------------------------------------------------------------------
Finished Timing Optimization : Time (s): cpu = 00:00:06 ; elapsed = 00:00:13 . Memory (MB): peak = 1522.328 ; gain = 651.941
---------------------------------------------------------------------------------
---------------------------------------------------------------------------------
Start Technology Mapping
---------------------------------------------------------------------------------
---------------------------------------------------------------------------------
Finished Technology Mapping : Time (s): cpu = 00:00:06 ; elapsed = 00:00:13 . Memory (MB): peak = 1522.328 ; gain = 651.941
---------------------------------------------------------------------------------
---------------------------------------------------------------------------------
Start IO Insertion
---------------------------------------------------------------------------------
---------------------------------------------------------------------------------
Start Flattening Before IO Insertion
---------------------------------------------------------------------------------
---------------------------------------------------------------------------------
Finished Flattening Before IO Insertion
---------------------------------------------------------------------------------
---------------------------------------------------------------------------------
Start Final Netlist Cleanup
---------------------------------------------------------------------------------
---------------------------------------------------------------------------------
Finished Final Netlist Cleanup
---------------------------------------------------------------------------------
---------------------------------------------------------------------------------
Finished IO Insertion : Time (s): cpu = 00:00:08 ; elapsed = 00:00:15 . Memory (MB): peak = 1522.328 ; gain = 651.941
---------------------------------------------------------------------------------
---------------------------------------------------------------------------------
Start Renaming Generated Instances
---------------------------------------------------------------------------------
---------------------------------------------------------------------------------
Finished Renaming Generated Instances : Time (s): cpu = 00:00:08 ; elapsed = 00:00:15 . Memory (MB): peak = 1522.328 ; gain = 651.941
---------------------------------------------------------------------------------
---------------------------------------------------------------------------------
Start Rebuilding User Hierarchy
---------------------------------------------------------------------------------
---------------------------------------------------------------------------------
Finished Rebuilding User Hierarchy : Time (s): cpu = 00:00:08 ; elapsed = 00:00:15 . Memory (MB): peak = 1522.328 ; gain = 651.941
---------------------------------------------------------------------------------
---------------------------------------------------------------------------------
Start Renaming Generated Ports
---------------------------------------------------------------------------------
---------------------------------------------------------------------------------
Finished Renaming Generated Ports : Time (s): cpu = 00:00:08 ; elapsed = 00:00:15 . Memory (MB): peak = 1522.328 ; gain = 651.941
---------------------------------------------------------------------------------
---------------------------------------------------------------------------------
Start Handling Custom Attributes
---------------------------------------------------------------------------------
---------------------------------------------------------------------------------
Finished Handling Custom Attributes : Time (s): cpu = 00:00:08 ; elapsed = 00:00:15 . Memory (MB): peak = 1522.328 ; gain = 651.941
---------------------------------------------------------------------------------
---------------------------------------------------------------------------------
Start Renaming Generated Nets
---------------------------------------------------------------------------------
---------------------------------------------------------------------------------
Finished Renaming Generated Nets : Time (s): cpu = 00:00:08 ; elapsed = 00:00:15 . Memory (MB): peak = 1522.328 ; gain = 651.941
---------------------------------------------------------------------------------
---------------------------------------------------------------------------------
Start Writing Synthesis Report
---------------------------------------------------------------------------------

Report BlackBoxes: 
+-+--------------+----------+
| |BlackBox name |Instances |
+-+--------------+----------+
+-+--------------+----------+

Report Cell Usage: 
+------+-----+------+
|      |Cell |Count |
+------+-----+------+
|1     |LUT1 |     4|
|2     |LUT2 |    13|
|3     |LUT3 |     7|
|4     |LUT4 |    14|
|5     |LUT5 |     9|
|6     |LUT6 |    17|
|7     |FDCE |     8|
|8     |FDRE |    35|
+------+-----+------+
---------------------------------------------------------------------------------
Finished Writing Synthesis Report : Time (s): cpu = 00:00:08 ; elapsed = 00:00:15 . Memory (MB): peak = 1522.328 ; gain = 651.941
---------------------------------------------------------------------------------
Synthesis finished with 0 errors, 0 critical warnings and 1 warnings.
Synthesis Optimization Runtime : Time (s): cpu = 00:00:06 ; elapsed = 00:00:14 . Memory (MB): peak = 1522.328 ; gain = 550.441
Synthesis Optimization Complete : Time (s): cpu = 00:00:08 ; elapsed = 00:00:15 . Memory (MB): peak = 1522.328 ; gain = 651.941
INFO: [Project 1-571] Translating synthesized netlist
Netlist sorting complete. Time (s): cpu = 00:00:00 ; elapsed = 00:00:00.001 . Memory (MB): peak = 1522.328 ; gain = 0.000
INFO: [Project 1-570] Preparing netlist for logic optimization
INFO: [Opt 31-138] Pushed 0 inverter(s) to 0 load pin(s).
Netlist sorting complete. Time (s): cpu = 00:00:00 ; elapsed = 00:00:00 . Memory (MB): peak = 1522.328 ; gain = 0.000
INFO: [Project 1-111] Unisim Transformation Summary:
No Unisim elements were transformed.

지정된 경로를 찾을 수 없습니다.
Synth Design complete | Checksum: b79d0bd0
INFO: [Common 17-83] Releasing license: Synthesis
25 Infos, 1 Warnings, 0 Critical Warnings and 0 Errors encountered.
synth_design completed successfully
synth_design: Time (s): cpu = 00:00:09 ; elapsed = 00:00:18 . Memory (MB): peak = 1522.328 ; gain = 1044.324
Write ShapeDB Complete: Time (s): cpu = 00:00:00 ; elapsed = 00:00:00 . Memory (MB): peak = 1522.328 ; gain = 0.000
INFO: [Common 17-1381] The checkpoint 'C:/verilog_lab/zynq_axi_uart_rxtx_final/zynq_axi_uart_rxtx_final.runs/axi_uart_uart_rx_0_0_synth_1/axi_uart_uart_rx_0_0.dcp' has been generated.
INFO: [Coretcl 2-1648] Added synthesis output to IP cache for IP axi_uart_uart_rx_0_0, cache-ID = ea3b303d88af0e9a
Write ShapeDB Complete: Time (s): cpu = 00:00:00 ; elapsed = 00:00:00 . Memory (MB): peak = 1522.328 ; gain = 0.000
INFO: [Common 17-1381] The checkpoint 'C:/verilog_lab/zynq_axi_uart_rxtx_final/zynq_axi_uart_rxtx_final.runs/axi_uart_uart_rx_0_0_synth_1/axi_uart_uart_rx_0_0.dcp' has been generated.
INFO: [runtcl-4] Executing : report_utilization -file axi_uart_uart_rx_0_0_utilization_synth.rpt -pb axi_uart_uart_rx_0_0_utilization_synth.pb
INFO: [Common 17-206] Exiting Vivado at Mon Feb 17 11:16:06 2025...
