
*** Running vivado
    with args -log SPI_Slave.vds -m64 -product Vivado -mode batch -messageDb vivado.pb -notrace -source SPI_Slave.tcl


ECHO가 설정되어 있지 않습니다.
ECHO가 설정되어 있지 않습니다.

****** Vivado v2023.2 (64-bit)
  **** SW Build 4029153 on Fri Oct 13 20:14:34 MDT 2023
  **** IP Build 4028589 on Sat Oct 14 00:45:43 MDT 2023
  **** SharedData Build 4025554 on Tue Oct 10 17:18:54 MDT 2023
    ** Copyright 1986-2022 Xilinx, Inc. All Rights Reserved.
    ** Copyright 2022-2023 Advanced Micro Devices, Inc. All Rights Reserved.

source SPI_Slave.tcl -notrace
Command: read_checkpoint -auto_incremental -incremental C:/verilog_lab/SPI_PJT/SPI_Slave/SPI_Slave.srcs/utils_1/imports/synth_1/SPI_Slave.dcp
INFO: [Vivado 12-5825] Read reference checkpoint from C:/verilog_lab/SPI_PJT/SPI_Slave/SPI_Slave.srcs/utils_1/imports/synth_1/SPI_Slave.dcp for incremental synthesis
INFO: [Vivado 12-7989] Please ensure there are no constraint changes
Command: synth_design -top SPI_Slave -part xc7z007sclg400-1
Starting synth_design
Attempting to get a license for feature 'Synthesis' and/or device 'xc7z007s'
INFO: [Common 17-349] Got license for feature 'Synthesis' and/or device 'xc7z007s'
INFO: [Designutils 20-5440] No compile time benefit to using incremental synthesis; A full resynthesis will be run
INFO: [Designutils 20-4379] Flow is switching to default flow due to incremental criteria not met. If you would like to alter this behaviour and have the flow terminate instead, please set the following parameter config_implementation {autoIncr.Synth.RejectBehavior Terminate}
INFO: [Synth 8-7079] Multithreading enabled for synth_design using a maximum of 2 processes.
INFO: [Synth 8-7078] Launching helper process for spawning children vivado processes
INFO: [Synth 8-7075] Helper process launched with PID 8936
---------------------------------------------------------------------------------
Starting Synthesize : Time (s): cpu = 00:00:00 ; elapsed = 00:00:03 . Memory (MB): peak = 922.398 ; gain = 439.582
---------------------------------------------------------------------------------
INFO: [Synth 8-6157] synthesizing module 'SPI_Slave' [C:/verilog_lab/SPI_PJT/SPI_Slave/SPI_Slave.srcs/sources_1/new/SPI_Slave.v:22]
INFO: [Synth 8-155] case statement is not full and has no default [C:/verilog_lab/SPI_PJT/SPI_Slave/SPI_Slave.srcs/sources_1/new/SPI_Slave.v:57]
INFO: [Synth 8-155] case statement is not full and has no default [C:/verilog_lab/SPI_PJT/SPI_Slave/SPI_Slave.srcs/sources_1/new/SPI_Slave.v:88]
INFO: [Synth 8-155] case statement is not full and has no default [C:/verilog_lab/SPI_PJT/SPI_Slave/SPI_Slave.srcs/sources_1/new/SPI_Slave.v:126]
INFO: [Synth 8-6155] done synthesizing module 'SPI_Slave' (0#1) [C:/verilog_lab/SPI_PJT/SPI_Slave/SPI_Slave.srcs/sources_1/new/SPI_Slave.v:22]
---------------------------------------------------------------------------------
Finished Synthesize : Time (s): cpu = 00:00:00 ; elapsed = 00:00:04 . Memory (MB): peak = 1028.961 ; gain = 546.145
---------------------------------------------------------------------------------
---------------------------------------------------------------------------------
Finished Constraint Validation : Time (s): cpu = 00:00:00 ; elapsed = 00:00:05 . Memory (MB): peak = 1028.961 ; gain = 546.145
---------------------------------------------------------------------------------
---------------------------------------------------------------------------------
Start Loading Part and Timing Information
---------------------------------------------------------------------------------
Loading part: xc7z007sclg400-1
---------------------------------------------------------------------------------
Finished Loading Part and Timing Information : Time (s): cpu = 00:00:00 ; elapsed = 00:00:05 . Memory (MB): peak = 1028.961 ; gain = 546.145
---------------------------------------------------------------------------------
INFO: [Device 21-403] Loading part xc7z007sclg400-1
INFO: [Synth 8-802] inferred FSM for state register 'curr_state_reg' in module 'SPI_Slave'
WARNING: [Synth 8-327] inferring latch for variable 'FSM_sequential_next_state_reg' [C:/verilog_lab/SPI_PJT/SPI_Slave/SPI_Slave.srcs/sources_1/new/SPI_Slave.v:59]
WARNING: [Synth 8-327] inferring latch for variable 'FSM_onehot_next_state_reg' [C:/verilog_lab/SPI_PJT/SPI_Slave/SPI_Slave.srcs/sources_1/new/SPI_Slave.v:59]
---------------------------------------------------------------------------------------------------
                   State |                     New Encoding |                Previous Encoding 
---------------------------------------------------------------------------------------------------
                    IDLE |                           000001 |                              000
                 W_START |                           000010 |                              001
                  W_DONE |                           000100 |                              010
                 R_START |                           001000 |                              011
                  R_LOAD |                           010000 |                              100
                  R_DONE |                           100000 |                              111
---------------------------------------------------------------------------------------------------
INFO: [Synth 8-3354] encoded FSM with state register 'curr_state_reg' using encoding 'one-hot' in module 'SPI_Slave'
WARNING: [Synth 8-327] inferring latch for variable 'FSM_onehot_next_state_reg' [C:/verilog_lab/SPI_PJT/SPI_Slave/SPI_Slave.srcs/sources_1/new/SPI_Slave.v:59]
---------------------------------------------------------------------------------
Finished RTL Optimization Phase 2 : Time (s): cpu = 00:00:00 ; elapsed = 00:00:05 . Memory (MB): peak = 1028.961 ; gain = 546.145
---------------------------------------------------------------------------------
No constraint files found.
---------------------------------------------------------------------------------
Start RTL Component Statistics 
---------------------------------------------------------------------------------
Detailed RTL Component Info : 
+---Adders : 
	   2 Input    5 Bit       Adders := 1     
	   2 Input    4 Bit       Adders := 1     
+---Registers : 
	               16 Bit    Registers := 1     
	                8 Bit    Registers := 1     
	                7 Bit    Registers := 1     
	                5 Bit    Registers := 1     
	                4 Bit    Registers := 1     
	                1 Bit    Registers := 4     
+---Muxes : 
	   2 Input    8 Bit        Muxes := 1     
	   2 Input    7 Bit        Muxes := 1     
	   6 Input    7 Bit        Muxes := 1     
	   6 Input    6 Bit        Muxes := 1     
	   2 Input    6 Bit        Muxes := 7     
	   6 Input    3 Bit        Muxes := 1     
	   6 Input    1 Bit        Muxes := 4     
	   3 Input    1 Bit        Muxes := 1     
---------------------------------------------------------------------------------
Finished RTL Component Statistics 
---------------------------------------------------------------------------------
---------------------------------------------------------------------------------
Start Part Resource Summary
---------------------------------------------------------------------------------
Part Resources:
DSPs: 66 (col length:40)
BRAMs: 100 (col length: RAMB18 40 RAMB36 20)
---------------------------------------------------------------------------------
Finished Part Resource Summary
---------------------------------------------------------------------------------
No constraint files found.
---------------------------------------------------------------------------------
Start Cross Boundary and Area Optimization
---------------------------------------------------------------------------------
WARNING: [Synth 8-7080] Parallel synthesis criteria is not met
---------------------------------------------------------------------------------
Finished Cross Boundary and Area Optimization : Time (s): cpu = 00:00:01 ; elapsed = 00:00:08 . Memory (MB): peak = 1218.746 ; gain = 735.930
---------------------------------------------------------------------------------
No constraint files found.
---------------------------------------------------------------------------------
Start Timing Optimization
---------------------------------------------------------------------------------
---------------------------------------------------------------------------------
Finished Timing Optimization : Time (s): cpu = 00:00:01 ; elapsed = 00:00:08 . Memory (MB): peak = 1218.746 ; gain = 735.930
---------------------------------------------------------------------------------
---------------------------------------------------------------------------------
Start Technology Mapping
---------------------------------------------------------------------------------
---------------------------------------------------------------------------------
Finished Technology Mapping : Time (s): cpu = 00:00:01 ; elapsed = 00:00:09 . Memory (MB): peak = 1218.746 ; gain = 735.930
---------------------------------------------------------------------------------
---------------------------------------------------------------------------------
Start IO Insertion
---------------------------------------------------------------------------------
---------------------------------------------------------------------------------
Start Flattening Before IO Insertion
---------------------------------------------------------------------------------
---------------------------------------------------------------------------------
Finished Flattening Before IO Insertion
---------------------------------------------------------------------------------
---------------------------------------------------------------------------------
Start Final Netlist Cleanup
---------------------------------------------------------------------------------
---------------------------------------------------------------------------------
Finished Final Netlist Cleanup
---------------------------------------------------------------------------------
---------------------------------------------------------------------------------
Finished IO Insertion : Time (s): cpu = 00:00:01 ; elapsed = 00:00:11 . Memory (MB): peak = 1218.746 ; gain = 735.930
---------------------------------------------------------------------------------
---------------------------------------------------------------------------------
Start Renaming Generated Instances
---------------------------------------------------------------------------------
---------------------------------------------------------------------------------
Finished Renaming Generated Instances : Time (s): cpu = 00:00:01 ; elapsed = 00:00:11 . Memory (MB): peak = 1218.746 ; gain = 735.930
---------------------------------------------------------------------------------
---------------------------------------------------------------------------------
Start Rebuilding User Hierarchy
---------------------------------------------------------------------------------
---------------------------------------------------------------------------------
Finished Rebuilding User Hierarchy : Time (s): cpu = 00:00:01 ; elapsed = 00:00:11 . Memory (MB): peak = 1218.746 ; gain = 735.930
---------------------------------------------------------------------------------
---------------------------------------------------------------------------------
Start Renaming Generated Ports
---------------------------------------------------------------------------------
---------------------------------------------------------------------------------
Finished Renaming Generated Ports : Time (s): cpu = 00:00:01 ; elapsed = 00:00:11 . Memory (MB): peak = 1218.746 ; gain = 735.930
---------------------------------------------------------------------------------
---------------------------------------------------------------------------------
Start Handling Custom Attributes
---------------------------------------------------------------------------------
---------------------------------------------------------------------------------
Finished Handling Custom Attributes : Time (s): cpu = 00:00:01 ; elapsed = 00:00:11 . Memory (MB): peak = 1218.746 ; gain = 735.930
---------------------------------------------------------------------------------
---------------------------------------------------------------------------------
Start Renaming Generated Nets
---------------------------------------------------------------------------------
---------------------------------------------------------------------------------
Finished Renaming Generated Nets : Time (s): cpu = 00:00:01 ; elapsed = 00:00:11 . Memory (MB): peak = 1218.746 ; gain = 735.930
---------------------------------------------------------------------------------
---------------------------------------------------------------------------------
Start Writing Synthesis Report
---------------------------------------------------------------------------------

Report BlackBoxes: 
+-+--------------+----------+
| |BlackBox name |Instances |
+-+--------------+----------+
+-+--------------+----------+

Report Cell Usage: 
+------+-----+------+
|      |Cell |Count |
+------+-----+------+
|1     |BUFG |     1|
|2     |LUT1 |     2|
|3     |LUT2 |    10|
|4     |LUT3 |     5|
|5     |LUT4 |     9|
|6     |LUT5 |    13|
|7     |LUT6 |     5|
|8     |FDRE |    49|
|9     |FDSE |     1|
|10    |LD   |     6|
|11    |IBUF |    12|
|12    |OBUF |    17|
+------+-----+------+

Report Instance Areas: 
+------+---------+-------+------+
|      |Instance |Module |Cells |
+------+---------+-------+------+
|1     |top      |       |   130|
+------+---------+-------+------+
---------------------------------------------------------------------------------
Finished Writing Synthesis Report : Time (s): cpu = 00:00:01 ; elapsed = 00:00:11 . Memory (MB): peak = 1218.746 ; gain = 735.930
---------------------------------------------------------------------------------
Synthesis finished with 0 errors, 0 critical warnings and 4 warnings.
Synthesis Optimization Runtime : Time (s): cpu = 00:00:01 ; elapsed = 00:00:11 . Memory (MB): peak = 1218.746 ; gain = 735.930
Synthesis Optimization Complete : Time (s): cpu = 00:00:01 ; elapsed = 00:00:11 . Memory (MB): peak = 1218.746 ; gain = 735.930
INFO: [Project 1-571] Translating synthesized netlist
Netlist sorting complete. Time (s): cpu = 00:00:00 ; elapsed = 00:00:00.001 . Memory (MB): peak = 1225.625 ; gain = 0.000
INFO: [Netlist 29-17] Analyzing 6 Unisim elements for replacement
INFO: [Netlist 29-28] Unisim Transformation completed in 0 CPU seconds
INFO: [Project 1-570] Preparing netlist for logic optimization
INFO: [Opt 31-138] Pushed 0 inverter(s) to 0 load pin(s).
Netlist sorting complete. Time (s): cpu = 00:00:00 ; elapsed = 00:00:00 . Memory (MB): peak = 1324.395 ; gain = 0.000
INFO: [Project 1-111] Unisim Transformation Summary:
  A total of 6 instances were transformed.
  LD => LDCE: 6 instances

지정된 경로를 찾을 수 없습니다.
Synth Design complete | Checksum: fdb3d1d9
INFO: [Common 17-83] Releasing license: Synthesis
23 Infos, 4 Warnings, 0 Critical Warnings and 0 Errors encountered.
synth_design completed successfully
synth_design: Time (s): cpu = 00:00:01 ; elapsed = 00:00:12 . Memory (MB): peak = 1324.395 ; gain = 851.270
Write ShapeDB Complete: Time (s): cpu = 00:00:00 ; elapsed = 00:00:00.001 . Memory (MB): peak = 1324.395 ; gain = 0.000
INFO: [Common 17-1381] The checkpoint 'C:/verilog_lab/SPI_PJT/SPI_Slave/SPI_Slave.runs/synth_1/SPI_Slave.dcp' has been generated.
INFO: [runtcl-4] Executing : report_utilization -file SPI_Slave_utilization_synth.rpt -pb SPI_Slave_utilization_synth.pb
INFO: [Common 17-206] Exiting Vivado at Tue Feb  4 11:43:00 2025...
