
*** Running vivado
    with args -log AXI_SPI_block_SPI_Slave_0_0.vds -m64 -product Vivado -mode batch -messageDb vivado.pb -notrace -source AXI_SPI_block_SPI_Slave_0_0.tcl


ECHO가 설정되어 있지 않습니다.
ECHO가 설정되어 있지 않습니다.

****** Vivado v2023.2 (64-bit)
  **** SW Build 4029153 on Fri Oct 13 20:14:34 MDT 2023
  **** IP Build 4028589 on Sat Oct 14 00:45:43 MDT 2023
  **** SharedData Build 4025554 on Tue Oct 10 17:18:54 MDT 2023
    ** Copyright 1986-2022 Xilinx, Inc. All Rights Reserved.
    ** Copyright 2022-2023 Advanced Micro Devices, Inc. All Rights Reserved.

source AXI_SPI_block_SPI_Slave_0_0.tcl -notrace
INFO: [IP_Flow 19-234] Refreshing IP repositories
INFO: [IP_Flow 19-1704] No user IP repositories specified
INFO: [IP_Flow 19-2313] Loaded Vivado IP repository 'C:/Xilinx/Vivado/2023.2/data/ip'.
INFO: [IP_Flow 19-6924] IPCACHE: Running cache check for IP inst: AXI_SPI_block_SPI_Slave_0_0
Command: synth_design -top AXI_SPI_block_SPI_Slave_0_0 -part xc7z007sclg400-1 -incremental_mode off -mode out_of_context
Starting synth_design
Attempting to get a license for feature 'Synthesis' and/or device 'xc7z007s'
INFO: [Common 17-349] Got license for feature 'Synthesis' and/or device 'xc7z007s'
INFO: [Device 21-403] Loading part xc7z007sclg400-1
INFO: [Synth 8-7079] Multithreading enabled for synth_design using a maximum of 2 processes.
INFO: [Synth 8-7078] Launching helper process for spawning children vivado processes
INFO: [Synth 8-7075] Helper process launched with PID 13896
---------------------------------------------------------------------------------
Starting RTL Elaboration : Time (s): cpu = 00:00:02 ; elapsed = 00:00:03 . Memory (MB): peak = 1314.184 ; gain = 438.078
---------------------------------------------------------------------------------
INFO: [Synth 8-6157] synthesizing module 'AXI_SPI_block_SPI_Slave_0_0' [c:/verilog_lab/SPI_PJT/AXI_SPI/AXI_SPI.gen/sources_1/bd/AXI_SPI_block/ip/AXI_SPI_block_SPI_Slave_0_0/synth/AXI_SPI_block_SPI_Slave_0_0.v:53]
INFO: [Synth 8-6157] synthesizing module 'SPI_Slave' [C:/verilog_lab/SPI_PJT/AXI_SPI/AXI_SPI.srcs/sources_1/imports/SPI_PJT/SPI_Slave/SPI_Slave.srcs/sources_1/new/SPI_Slave.v:22]
INFO: [Synth 8-155] case statement is not full and has no default [C:/verilog_lab/SPI_PJT/AXI_SPI/AXI_SPI.srcs/sources_1/imports/SPI_PJT/SPI_Slave/SPI_Slave.srcs/sources_1/new/SPI_Slave.v:62]
INFO: [Synth 8-155] case statement is not full and has no default [C:/verilog_lab/SPI_PJT/AXI_SPI/AXI_SPI.srcs/sources_1/imports/SPI_PJT/SPI_Slave/SPI_Slave.srcs/sources_1/new/SPI_Slave.v:93]
INFO: [Synth 8-155] case statement is not full and has no default [C:/verilog_lab/SPI_PJT/AXI_SPI/AXI_SPI.srcs/sources_1/imports/SPI_PJT/SPI_Slave/SPI_Slave.srcs/sources_1/new/SPI_Slave.v:126]
INFO: [Synth 8-6155] done synthesizing module 'SPI_Slave' (0#1) [C:/verilog_lab/SPI_PJT/AXI_SPI/AXI_SPI.srcs/sources_1/imports/SPI_PJT/SPI_Slave/SPI_Slave.srcs/sources_1/new/SPI_Slave.v:22]
INFO: [Synth 8-6155] done synthesizing module 'AXI_SPI_block_SPI_Slave_0_0' (0#1) [c:/verilog_lab/SPI_PJT/AXI_SPI/AXI_SPI.gen/sources_1/bd/AXI_SPI_block/ip/AXI_SPI_block_SPI_Slave_0_0/synth/AXI_SPI_block_SPI_Slave_0_0.v:53]
INFO: [Synth 8-6071] Mark debug on the nets applies keep_hierarchy on instance 'inst'. This will prevent further optimization [c:/verilog_lab/SPI_PJT/AXI_SPI/AXI_SPI.gen/sources_1/bd/AXI_SPI_block/ip/AXI_SPI_block_SPI_Slave_0_0/synth/AXI_SPI_block_SPI_Slave_0_0.v:82]
---------------------------------------------------------------------------------
Finished RTL Elaboration : Time (s): cpu = 00:00:02 ; elapsed = 00:00:04 . Memory (MB): peak = 1426.383 ; gain = 550.277
---------------------------------------------------------------------------------
---------------------------------------------------------------------------------
Start Handling Custom Attributes
---------------------------------------------------------------------------------
---------------------------------------------------------------------------------
Finished Handling Custom Attributes : Time (s): cpu = 00:00:02 ; elapsed = 00:00:04 . Memory (MB): peak = 1426.383 ; gain = 550.277
---------------------------------------------------------------------------------
---------------------------------------------------------------------------------
Finished RTL Optimization Phase 1 : Time (s): cpu = 00:00:02 ; elapsed = 00:00:04 . Memory (MB): peak = 1426.383 ; gain = 550.277
---------------------------------------------------------------------------------
Netlist sorting complete. Time (s): cpu = 00:00:00 ; elapsed = 00:00:00 . Memory (MB): peak = 1426.383 ; gain = 0.000
INFO: [Project 1-570] Preparing netlist for logic optimization

Processing XDC Constraints
Initializing timing engine
Completed Processing XDC Constraints

Netlist sorting complete. Time (s): cpu = 00:00:00 ; elapsed = 00:00:00 . Memory (MB): peak = 1525.531 ; gain = 0.000
INFO: [Project 1-111] Unisim Transformation Summary:
No Unisim elements were transformed.

지정된 경로를 찾을 수 없습니다.
Constraint Validation Runtime : Time (s): cpu = 00:00:00 ; elapsed = 00:00:00.011 . Memory (MB): peak = 1525.551 ; gain = 0.020
INFO: [Designutils 20-5008] Incremental synthesis strategy off
---------------------------------------------------------------------------------
Finished Constraint Validation : Time (s): cpu = 00:00:04 ; elapsed = 00:00:09 . Memory (MB): peak = 1525.551 ; gain = 649.445
---------------------------------------------------------------------------------
---------------------------------------------------------------------------------
Start Loading Part and Timing Information
---------------------------------------------------------------------------------
Loading part: xc7z007sclg400-1
---------------------------------------------------------------------------------
Finished Loading Part and Timing Information : Time (s): cpu = 00:00:04 ; elapsed = 00:00:09 . Memory (MB): peak = 1525.551 ; gain = 649.445
---------------------------------------------------------------------------------
---------------------------------------------------------------------------------
Start Applying 'set_property' XDC Constraints
---------------------------------------------------------------------------------
---------------------------------------------------------------------------------
Finished applying 'set_property' XDC Constraints : Time (s): cpu = 00:00:04 ; elapsed = 00:00:09 . Memory (MB): peak = 1525.551 ; gain = 649.445
---------------------------------------------------------------------------------
INFO: [Synth 8-802] inferred FSM for state register 'curr_state_reg' in module 'SPI_Slave'
WARNING: [Synth 8-327] inferring latch for variable 'FSM_sequential_next_state_reg' [C:/verilog_lab/SPI_PJT/AXI_SPI/AXI_SPI.srcs/sources_1/imports/SPI_PJT/SPI_Slave/SPI_Slave.srcs/sources_1/new/SPI_Slave.v:64]
WARNING: [Synth 8-327] inferring latch for variable 'FSM_onehot_next_state_reg' [C:/verilog_lab/SPI_PJT/AXI_SPI/AXI_SPI.srcs/sources_1/imports/SPI_PJT/SPI_Slave/SPI_Slave.srcs/sources_1/new/SPI_Slave.v:64]
---------------------------------------------------------------------------------------------------
                   State |                     New Encoding |                Previous Encoding 
---------------------------------------------------------------------------------------------------
                    IDLE |                           000001 |                              000
                 W_START |                           000010 |                              001
                  W_DONE |                           000100 |                              010
                 R_START |                           001000 |                              011
                  R_LOAD |                           010000 |                              100
                  R_DONE |                           100000 |                              111
---------------------------------------------------------------------------------------------------
INFO: [Synth 8-3354] encoded FSM with state register 'curr_state_reg' using encoding 'one-hot' in module 'SPI_Slave'
WARNING: [Synth 8-327] inferring latch for variable 'FSM_onehot_next_state_reg' [C:/verilog_lab/SPI_PJT/AXI_SPI/AXI_SPI.srcs/sources_1/imports/SPI_PJT/SPI_Slave/SPI_Slave.srcs/sources_1/new/SPI_Slave.v:64]
---------------------------------------------------------------------------------
Finished RTL Optimization Phase 2 : Time (s): cpu = 00:00:04 ; elapsed = 00:00:09 . Memory (MB): peak = 1525.551 ; gain = 649.445
---------------------------------------------------------------------------------
---------------------------------------------------------------------------------
Start RTL Component Statistics 
---------------------------------------------------------------------------------
Detailed RTL Component Info : 
+---Adders : 
	   2 Input    5 Bit       Adders := 1     
	   2 Input    4 Bit       Adders := 1     
+---Registers : 
	               16 Bit    Registers := 1     
	                8 Bit    Registers := 1     
	                7 Bit    Registers := 1     
	                5 Bit    Registers := 1     
	                4 Bit    Registers := 1     
	                1 Bit    Registers := 5     
+---Muxes : 
	   2 Input    7 Bit        Muxes := 1     
	   6 Input    7 Bit        Muxes := 1     
	   6 Input    6 Bit        Muxes := 1     
	   2 Input    6 Bit        Muxes := 7     
	   6 Input    3 Bit        Muxes := 1     
	   6 Input    1 Bit        Muxes := 5     
	   3 Input    1 Bit        Muxes := 1     
---------------------------------------------------------------------------------
Finished RTL Component Statistics 
---------------------------------------------------------------------------------
---------------------------------------------------------------------------------
Start Part Resource Summary
---------------------------------------------------------------------------------
Part Resources:
DSPs: 66 (col length:40)
BRAMs: 100 (col length: RAMB18 40 RAMB36 20)
---------------------------------------------------------------------------------
Finished Part Resource Summary
---------------------------------------------------------------------------------
---------------------------------------------------------------------------------
Start Cross Boundary and Area Optimization
---------------------------------------------------------------------------------
WARNING: [Synth 8-7080] Parallel synthesis criteria is not met
---------------------------------------------------------------------------------
Finished Cross Boundary and Area Optimization : Time (s): cpu = 00:00:05 ; elapsed = 00:00:10 . Memory (MB): peak = 1525.551 ; gain = 649.445
---------------------------------------------------------------------------------
---------------------------------------------------------------------------------
Start Applying XDC Timing Constraints
---------------------------------------------------------------------------------
---------------------------------------------------------------------------------
Finished Applying XDC Timing Constraints : Time (s): cpu = 00:00:06 ; elapsed = 00:00:14 . Memory (MB): peak = 1525.551 ; gain = 649.445
---------------------------------------------------------------------------------
---------------------------------------------------------------------------------
Start Timing Optimization
---------------------------------------------------------------------------------
---------------------------------------------------------------------------------
Finished Timing Optimization : Time (s): cpu = 00:00:06 ; elapsed = 00:00:14 . Memory (MB): peak = 1525.551 ; gain = 649.445
---------------------------------------------------------------------------------
---------------------------------------------------------------------------------
Start Technology Mapping
---------------------------------------------------------------------------------
---------------------------------------------------------------------------------
Finished Technology Mapping : Time (s): cpu = 00:00:06 ; elapsed = 00:00:14 . Memory (MB): peak = 1525.551 ; gain = 649.445
---------------------------------------------------------------------------------
---------------------------------------------------------------------------------
Start IO Insertion
---------------------------------------------------------------------------------
---------------------------------------------------------------------------------
Start Flattening Before IO Insertion
---------------------------------------------------------------------------------
---------------------------------------------------------------------------------
Finished Flattening Before IO Insertion
---------------------------------------------------------------------------------
---------------------------------------------------------------------------------
Start Final Netlist Cleanup
---------------------------------------------------------------------------------
---------------------------------------------------------------------------------
Finished Final Netlist Cleanup
---------------------------------------------------------------------------------
---------------------------------------------------------------------------------
Finished IO Insertion : Time (s): cpu = 00:00:07 ; elapsed = 00:00:16 . Memory (MB): peak = 1525.551 ; gain = 649.445
---------------------------------------------------------------------------------
---------------------------------------------------------------------------------
Start Renaming Generated Instances
---------------------------------------------------------------------------------
---------------------------------------------------------------------------------
Finished Renaming Generated Instances : Time (s): cpu = 00:00:07 ; elapsed = 00:00:16 . Memory (MB): peak = 1525.551 ; gain = 649.445
---------------------------------------------------------------------------------
---------------------------------------------------------------------------------
Start Rebuilding User Hierarchy
---------------------------------------------------------------------------------
---------------------------------------------------------------------------------
Finished Rebuilding User Hierarchy : Time (s): cpu = 00:00:07 ; elapsed = 00:00:16 . Memory (MB): peak = 1525.551 ; gain = 649.445
---------------------------------------------------------------------------------
---------------------------------------------------------------------------------
Start Renaming Generated Ports
---------------------------------------------------------------------------------
---------------------------------------------------------------------------------
Finished Renaming Generated Ports : Time (s): cpu = 00:00:07 ; elapsed = 00:00:16 . Memory (MB): peak = 1525.551 ; gain = 649.445
---------------------------------------------------------------------------------
---------------------------------------------------------------------------------
Start Handling Custom Attributes
---------------------------------------------------------------------------------
---------------------------------------------------------------------------------
Finished Handling Custom Attributes : Time (s): cpu = 00:00:07 ; elapsed = 00:00:16 . Memory (MB): peak = 1525.551 ; gain = 649.445
---------------------------------------------------------------------------------
---------------------------------------------------------------------------------
Start Renaming Generated Nets
---------------------------------------------------------------------------------
---------------------------------------------------------------------------------
Finished Renaming Generated Nets : Time (s): cpu = 00:00:07 ; elapsed = 00:00:16 . Memory (MB): peak = 1525.551 ; gain = 649.445
---------------------------------------------------------------------------------
---------------------------------------------------------------------------------
Start Writing Synthesis Report
---------------------------------------------------------------------------------

Report BlackBoxes: 
+-+--------------+----------+
| |BlackBox name |Instances |
+-+--------------+----------+
+-+--------------+----------+

Report Cell Usage: 
+------+-----+------+
|      |Cell |Count |
+------+-----+------+
|1     |LUT1 |     3|
|2     |LUT2 |     5|
|3     |LUT3 |     4|
|4     |LUT4 |     7|
|5     |LUT5 |     4|
|6     |LUT6 |    16|
|7     |FDRE |    50|
|8     |FDSE |     1|
|9     |LD   |     6|
+------+-----+------+
---------------------------------------------------------------------------------
Finished Writing Synthesis Report : Time (s): cpu = 00:00:07 ; elapsed = 00:00:16 . Memory (MB): peak = 1525.551 ; gain = 649.445
---------------------------------------------------------------------------------
Synthesis finished with 0 errors, 0 critical warnings and 4 warnings.
Synthesis Optimization Runtime : Time (s): cpu = 00:00:04 ; elapsed = 00:00:15 . Memory (MB): peak = 1525.551 ; gain = 550.277
Synthesis Optimization Complete : Time (s): cpu = 00:00:07 ; elapsed = 00:00:16 . Memory (MB): peak = 1525.551 ; gain = 649.445
INFO: [Project 1-571] Translating synthesized netlist
Netlist sorting complete. Time (s): cpu = 00:00:00 ; elapsed = 00:00:00 . Memory (MB): peak = 1525.551 ; gain = 0.000
INFO: [Netlist 29-17] Analyzing 6 Unisim elements for replacement
INFO: [Netlist 29-28] Unisim Transformation completed in 0 CPU seconds
INFO: [Project 1-570] Preparing netlist for logic optimization
INFO: [Opt 31-138] Pushed 0 inverter(s) to 0 load pin(s).
Netlist sorting complete. Time (s): cpu = 00:00:00 ; elapsed = 00:00:00 . Memory (MB): peak = 1525.551 ; gain = 0.000
INFO: [Project 1-111] Unisim Transformation Summary:
  A total of 6 instances were transformed.
  LD => LDCE: 6 instances

지정된 경로를 찾을 수 없습니다.
Synth Design complete | Checksum: d1b92758
INFO: [Common 17-83] Releasing license: Synthesis
29 Infos, 4 Warnings, 0 Critical Warnings and 0 Errors encountered.
synth_design completed successfully
synth_design: Time (s): cpu = 00:00:08 ; elapsed = 00:00:20 . Memory (MB): peak = 1525.551 ; gain = 1049.207
Write ShapeDB Complete: Time (s): cpu = 00:00:00 ; elapsed = 00:00:00.001 . Memory (MB): peak = 1525.551 ; gain = 0.000
INFO: [Common 17-1381] The checkpoint 'C:/verilog_lab/SPI_PJT/AXI_SPI/AXI_SPI.runs/AXI_SPI_block_SPI_Slave_0_0_synth_1/AXI_SPI_block_SPI_Slave_0_0.dcp' has been generated.
INFO: [Coretcl 2-1648] Added synthesis output to IP cache for IP AXI_SPI_block_SPI_Slave_0_0, cache-ID = bbc6096be08c41a7
Write ShapeDB Complete: Time (s): cpu = 00:00:00 ; elapsed = 00:00:00 . Memory (MB): peak = 1525.551 ; gain = 0.000
INFO: [Common 17-1381] The checkpoint 'C:/verilog_lab/SPI_PJT/AXI_SPI/AXI_SPI.runs/AXI_SPI_block_SPI_Slave_0_0_synth_1/AXI_SPI_block_SPI_Slave_0_0.dcp' has been generated.
INFO: [runtcl-4] Executing : report_utilization -file AXI_SPI_block_SPI_Slave_0_0_utilization_synth.rpt -pb AXI_SPI_block_SPI_Slave_0_0_utilization_synth.pb
INFO: [Common 17-206] Exiting Vivado at Mon Feb 10 10:38:09 2025...
