
*** Running vivado
    with args -log AXI_SPI_block_SPI_RAM_0_0.vds -m64 -product Vivado -mode batch -messageDb vivado.pb -notrace -source AXI_SPI_block_SPI_RAM_0_0.tcl


ECHO가 설정되어 있지 않습니다.
ECHO가 설정되어 있지 않습니다.

****** Vivado v2023.2 (64-bit)
  **** SW Build 4029153 on Fri Oct 13 20:14:34 MDT 2023
  **** IP Build 4028589 on Sat Oct 14 00:45:43 MDT 2023
  **** SharedData Build 4025554 on Tue Oct 10 17:18:54 MDT 2023
    ** Copyright 1986-2022 Xilinx, Inc. All Rights Reserved.
    ** Copyright 2022-2023 Advanced Micro Devices, Inc. All Rights Reserved.

source AXI_SPI_block_SPI_RAM_0_0.tcl -notrace
INFO: [IP_Flow 19-234] Refreshing IP repositories
INFO: [IP_Flow 19-1704] No user IP repositories specified
INFO: [IP_Flow 19-2313] Loaded Vivado IP repository 'C:/Xilinx/Vivado/2023.2/data/ip'.
INFO: [IP_Flow 19-6924] IPCACHE: Running cache check for IP inst: AXI_SPI_block_SPI_RAM_0_0
Command: synth_design -top AXI_SPI_block_SPI_RAM_0_0 -part xc7z007sclg400-1 -incremental_mode off -mode out_of_context
Starting synth_design
Attempting to get a license for feature 'Synthesis' and/or device 'xc7z007s'
INFO: [Common 17-349] Got license for feature 'Synthesis' and/or device 'xc7z007s'
INFO: [Device 21-403] Loading part xc7z007sclg400-1
INFO: [Synth 8-7079] Multithreading enabled for synth_design using a maximum of 2 processes.
INFO: [Synth 8-7078] Launching helper process for spawning children vivado processes
INFO: [Synth 8-7075] Helper process launched with PID 13192
---------------------------------------------------------------------------------
Starting RTL Elaboration : Time (s): cpu = 00:00:00 ; elapsed = 00:00:03 . Memory (MB): peak = 1313.941 ; gain = 438.398
---------------------------------------------------------------------------------
INFO: [Synth 8-6157] synthesizing module 'AXI_SPI_block_SPI_RAM_0_0' [c:/verilog_lab/SPI_PJT/AXI_SPI/AXI_SPI.gen/sources_1/bd/AXI_SPI_block/ip/AXI_SPI_block_SPI_RAM_0_0/synth/AXI_SPI_block_SPI_RAM_0_0.v:53]
INFO: [Synth 8-6157] synthesizing module 'SPI_RAM' [C:/verilog_lab/SPI_PJT/AXI_SPI/AXI_SPI.srcs/sources_1/imports/SPI_PJT/SPI_RAM/SPI_RAM.srcs/sources_1/new/SPI_RAM.v:23]
INFO: [Synth 8-6155] done synthesizing module 'SPI_RAM' (0#1) [C:/verilog_lab/SPI_PJT/AXI_SPI/AXI_SPI.srcs/sources_1/imports/SPI_PJT/SPI_RAM/SPI_RAM.srcs/sources_1/new/SPI_RAM.v:23]
INFO: [Synth 8-6155] done synthesizing module 'AXI_SPI_block_SPI_RAM_0_0' (0#1) [c:/verilog_lab/SPI_PJT/AXI_SPI/AXI_SPI.gen/sources_1/bd/AXI_SPI_block/ip/AXI_SPI_block_SPI_RAM_0_0/synth/AXI_SPI_block_SPI_RAM_0_0.v:53]
WARNING: [Synth 8-6026] Ignoring keep related attribute (keep/mark_debug/dont_touch) applied on memory [C:/verilog_lab/SPI_PJT/AXI_SPI/AXI_SPI.srcs/sources_1/imports/SPI_PJT/SPI_RAM/SPI_RAM.srcs/sources_1/new/SPI_RAM.v:31]
---------------------------------------------------------------------------------
Finished RTL Elaboration : Time (s): cpu = 00:00:01 ; elapsed = 00:00:04 . Memory (MB): peak = 1424.367 ; gain = 548.824
---------------------------------------------------------------------------------
---------------------------------------------------------------------------------
Start Handling Custom Attributes
---------------------------------------------------------------------------------
---------------------------------------------------------------------------------
Finished Handling Custom Attributes : Time (s): cpu = 00:00:01 ; elapsed = 00:00:04 . Memory (MB): peak = 1424.367 ; gain = 548.824
---------------------------------------------------------------------------------
---------------------------------------------------------------------------------
Finished RTL Optimization Phase 1 : Time (s): cpu = 00:00:01 ; elapsed = 00:00:04 . Memory (MB): peak = 1424.367 ; gain = 548.824
---------------------------------------------------------------------------------
Netlist sorting complete. Time (s): cpu = 00:00:00 ; elapsed = 00:00:00 . Memory (MB): peak = 1424.367 ; gain = 0.000
INFO: [Project 1-570] Preparing netlist for logic optimization

Processing XDC Constraints
Initializing timing engine
Completed Processing XDC Constraints

Netlist sorting complete. Time (s): cpu = 00:00:00 ; elapsed = 00:00:00 . Memory (MB): peak = 1468.957 ; gain = 0.000
INFO: [Project 1-111] Unisim Transformation Summary:
No Unisim elements were transformed.

지정된 경로를 찾을 수 없습니다.
Constraint Validation Runtime : Time (s): cpu = 00:00:00 ; elapsed = 00:00:00.010 . Memory (MB): peak = 1468.957 ; gain = 0.000
INFO: [Designutils 20-5008] Incremental synthesis strategy off
---------------------------------------------------------------------------------
Finished Constraint Validation : Time (s): cpu = 00:00:01 ; elapsed = 00:00:09 . Memory (MB): peak = 1468.957 ; gain = 593.414
---------------------------------------------------------------------------------
---------------------------------------------------------------------------------
Start Loading Part and Timing Information
---------------------------------------------------------------------------------
Loading part: xc7z007sclg400-1
---------------------------------------------------------------------------------
Finished Loading Part and Timing Information : Time (s): cpu = 00:00:01 ; elapsed = 00:00:09 . Memory (MB): peak = 1468.957 ; gain = 593.414
---------------------------------------------------------------------------------
---------------------------------------------------------------------------------
Start Applying 'set_property' XDC Constraints
---------------------------------------------------------------------------------
---------------------------------------------------------------------------------
Finished applying 'set_property' XDC Constraints : Time (s): cpu = 00:00:01 ; elapsed = 00:00:09 . Memory (MB): peak = 1468.957 ; gain = 593.414
---------------------------------------------------------------------------------
---------------------------------------------------------------------------------
Finished RTL Optimization Phase 2 : Time (s): cpu = 00:00:01 ; elapsed = 00:00:09 . Memory (MB): peak = 1468.957 ; gain = 593.414
---------------------------------------------------------------------------------
---------------------------------------------------------------------------------
Start RTL Component Statistics 
---------------------------------------------------------------------------------
Detailed RTL Component Info : 
+---Registers : 
	                8 Bit    Registers := 1     
+---RAMs : 
	             1024 Bit	(128 X 8 bit)          RAMs := 1     
---------------------------------------------------------------------------------
Finished RTL Component Statistics 
---------------------------------------------------------------------------------
---------------------------------------------------------------------------------
Start Part Resource Summary
---------------------------------------------------------------------------------
Part Resources:
DSPs: 66 (col length:40)
BRAMs: 100 (col length: RAMB18 40 RAMB36 20)
---------------------------------------------------------------------------------
Finished Part Resource Summary
---------------------------------------------------------------------------------
---------------------------------------------------------------------------------
Start Cross Boundary and Area Optimization
---------------------------------------------------------------------------------
WARNING: [Synth 8-7080] Parallel synthesis criteria is not met
---------------------------------------------------------------------------------
Finished Cross Boundary and Area Optimization : Time (s): cpu = 00:00:01 ; elapsed = 00:00:10 . Memory (MB): peak = 1468.957 ; gain = 593.414
---------------------------------------------------------------------------------
---------------------------------------------------------------------------------
Start ROM, RAM, DSP, Shift Register and Retiming Reporting
---------------------------------------------------------------------------------

Block RAM: Preliminary Mapping Report (see note below)
+--------------------------+------------------+------------------------+---+---+------------------------+---+---+------------------+--------+--------+
|Module Name               | RTL Object       | PORT A (Depth x Width) | W | R | PORT B (Depth x Width) | W | R | Ports driving FF | RAMB18 | RAMB36 | 
+--------------------------+------------------+------------------------+---+---+------------------------+---+---+------------------+--------+--------+
|AXI_SPI_block_SPI_RAM_0_0 | inst/outdata_reg | 128 x 8(READ_FIRST)    | W | R |                        |   |   | Port A           | 1      | 0      | 
+--------------------------+------------------+------------------------+---+---+------------------------+---+---+------------------+--------+--------+

Note: The table above is a preliminary report that shows the Block RAMs at the current stage of the synthesis flow. Some Block RAMs may be reimplemented as non Block RAM primitives later in the synthesis flow. Multiple instantiated Block RAMs are reported only once. 
---------------------------------------------------------------------------------
Finished ROM, RAM, DSP, Shift Register and Retiming Reporting
---------------------------------------------------------------------------------
---------------------------------------------------------------------------------
Start Applying XDC Timing Constraints
---------------------------------------------------------------------------------
---------------------------------------------------------------------------------
Finished Applying XDC Timing Constraints : Time (s): cpu = 00:00:01 ; elapsed = 00:00:14 . Memory (MB): peak = 1468.957 ; gain = 593.414
---------------------------------------------------------------------------------
---------------------------------------------------------------------------------
Start Timing Optimization
---------------------------------------------------------------------------------
---------------------------------------------------------------------------------
Finished Timing Optimization : Time (s): cpu = 00:00:01 ; elapsed = 00:00:14 . Memory (MB): peak = 1468.957 ; gain = 593.414
---------------------------------------------------------------------------------
---------------------------------------------------------------------------------
Start ROM, RAM, DSP, Shift Register and Retiming Reporting
---------------------------------------------------------------------------------

Block RAM: Final Mapping Report
+--------------------------+------------------+------------------------+---+---+------------------------+---+---+------------------+--------+--------+
|Module Name               | RTL Object       | PORT A (Depth x Width) | W | R | PORT B (Depth x Width) | W | R | Ports driving FF | RAMB18 | RAMB36 | 
+--------------------------+------------------+------------------------+---+---+------------------------+---+---+------------------+--------+--------+
|AXI_SPI_block_SPI_RAM_0_0 | inst/outdata_reg | 128 x 8(READ_FIRST)    | W | R |                        |   |   | Port A           | 1      | 0      | 
+--------------------------+------------------+------------------------+---+---+------------------------+---+---+------------------+--------+--------+

---------------------------------------------------------------------------------
Finished ROM, RAM, DSP, Shift Register and Retiming Reporting
---------------------------------------------------------------------------------
---------------------------------------------------------------------------------
Start Technology Mapping
---------------------------------------------------------------------------------
INFO: [Synth 8-7052] The timing for the instance inst/outdata_reg (implemented as a Block RAM) might be sub-optimal as no optional output register could be merged into the ram block. Providing additional output register may help in improving timing.
---------------------------------------------------------------------------------
Finished Technology Mapping : Time (s): cpu = 00:00:01 ; elapsed = 00:00:14 . Memory (MB): peak = 1468.957 ; gain = 593.414
---------------------------------------------------------------------------------
---------------------------------------------------------------------------------
Start IO Insertion
---------------------------------------------------------------------------------
---------------------------------------------------------------------------------
Start Flattening Before IO Insertion
---------------------------------------------------------------------------------
---------------------------------------------------------------------------------
Finished Flattening Before IO Insertion
---------------------------------------------------------------------------------
---------------------------------------------------------------------------------
Start Final Netlist Cleanup
---------------------------------------------------------------------------------
---------------------------------------------------------------------------------
Finished Final Netlist Cleanup
---------------------------------------------------------------------------------
---------------------------------------------------------------------------------
Finished IO Insertion : Time (s): cpu = 00:00:02 ; elapsed = 00:00:17 . Memory (MB): peak = 1468.957 ; gain = 593.414
---------------------------------------------------------------------------------
---------------------------------------------------------------------------------
Start Renaming Generated Instances
---------------------------------------------------------------------------------
---------------------------------------------------------------------------------
Finished Renaming Generated Instances : Time (s): cpu = 00:00:02 ; elapsed = 00:00:17 . Memory (MB): peak = 1468.957 ; gain = 593.414
---------------------------------------------------------------------------------
---------------------------------------------------------------------------------
Start Rebuilding User Hierarchy
---------------------------------------------------------------------------------
---------------------------------------------------------------------------------
Finished Rebuilding User Hierarchy : Time (s): cpu = 00:00:02 ; elapsed = 00:00:17 . Memory (MB): peak = 1468.957 ; gain = 593.414
---------------------------------------------------------------------------------
---------------------------------------------------------------------------------
Start Renaming Generated Ports
---------------------------------------------------------------------------------
---------------------------------------------------------------------------------
Finished Renaming Generated Ports : Time (s): cpu = 00:00:02 ; elapsed = 00:00:17 . Memory (MB): peak = 1468.957 ; gain = 593.414
---------------------------------------------------------------------------------
---------------------------------------------------------------------------------
Start Handling Custom Attributes
---------------------------------------------------------------------------------
---------------------------------------------------------------------------------
Finished Handling Custom Attributes : Time (s): cpu = 00:00:02 ; elapsed = 00:00:17 . Memory (MB): peak = 1468.957 ; gain = 593.414
---------------------------------------------------------------------------------
---------------------------------------------------------------------------------
Start Renaming Generated Nets
---------------------------------------------------------------------------------
---------------------------------------------------------------------------------
Finished Renaming Generated Nets : Time (s): cpu = 00:00:02 ; elapsed = 00:00:17 . Memory (MB): peak = 1468.957 ; gain = 593.414
---------------------------------------------------------------------------------
---------------------------------------------------------------------------------
Start Writing Synthesis Report
---------------------------------------------------------------------------------

Report BlackBoxes: 
+-+--------------+----------+
| |BlackBox name |Instances |
+-+--------------+----------+
+-+--------------+----------+

Report Cell Usage: 
+------+---------+------+
|      |Cell     |Count |
+------+---------+------+
|1     |RAMB18E1 |     1|
+------+---------+------+
---------------------------------------------------------------------------------
Finished Writing Synthesis Report : Time (s): cpu = 00:00:02 ; elapsed = 00:00:17 . Memory (MB): peak = 1468.957 ; gain = 593.414
---------------------------------------------------------------------------------
Synthesis finished with 0 errors, 0 critical warnings and 1 warnings.
Synthesis Optimization Runtime : Time (s): cpu = 00:00:01 ; elapsed = 00:00:16 . Memory (MB): peak = 1468.957 ; gain = 548.824
Synthesis Optimization Complete : Time (s): cpu = 00:00:02 ; elapsed = 00:00:17 . Memory (MB): peak = 1468.957 ; gain = 593.414
INFO: [Project 1-571] Translating synthesized netlist
Netlist sorting complete. Time (s): cpu = 00:00:00 ; elapsed = 00:00:00.001 . Memory (MB): peak = 1468.957 ; gain = 0.000
INFO: [Netlist 29-17] Analyzing 1 Unisim elements for replacement
INFO: [Netlist 29-28] Unisim Transformation completed in 0 CPU seconds
INFO: [Project 1-570] Preparing netlist for logic optimization
INFO: [Opt 31-138] Pushed 0 inverter(s) to 0 load pin(s).
Netlist sorting complete. Time (s): cpu = 00:00:00 ; elapsed = 00:00:00 . Memory (MB): peak = 1468.957 ; gain = 0.000
INFO: [Project 1-111] Unisim Transformation Summary:
No Unisim elements were transformed.

지정된 경로를 찾을 수 없습니다.
Synth Design complete | Checksum: 84963d8d
INFO: [Common 17-83] Releasing license: Synthesis
24 Infos, 2 Warnings, 0 Critical Warnings and 0 Errors encountered.
synth_design completed successfully
synth_design: Time (s): cpu = 00:00:02 ; elapsed = 00:00:20 . Memory (MB): peak = 1468.957 ; gain = 984.938
INFO: [Common 17-1381] The checkpoint 'C:/verilog_lab/SPI_PJT/AXI_SPI/AXI_SPI.runs/AXI_SPI_block_SPI_RAM_0_0_synth_1/AXI_SPI_block_SPI_RAM_0_0.dcp' has been generated.
INFO: [Coretcl 2-1648] Added synthesis output to IP cache for IP AXI_SPI_block_SPI_RAM_0_0, cache-ID = a0eff265774ed750
INFO: [Common 17-1381] The checkpoint 'C:/verilog_lab/SPI_PJT/AXI_SPI/AXI_SPI.runs/AXI_SPI_block_SPI_RAM_0_0_synth_1/AXI_SPI_block_SPI_RAM_0_0.dcp' has been generated.
INFO: [runtcl-4] Executing : report_utilization -file AXI_SPI_block_SPI_RAM_0_0_utilization_synth.rpt -pb AXI_SPI_block_SPI_RAM_0_0_utilization_synth.pb
INFO: [Common 17-206] Exiting Vivado at Mon Feb 10 15:20:59 2025...
